node.exe : [baseline-br
owser-mapping] The 
data in this module is 
over two months old.  
To ensure accurate 
Baseline data, please 
update: `npm i baseline
-browser-mapping@latest
 -D`
At line:1 char:1
+ & "C:\Program 
Files\nodejs/node.exe" 
"C:\Program 
Files\nodejs/node_mo 
...
+ ~~~~~~~~~~~~~~~~~~~~~
~~~~~~~~~~~~~~~~~~~~~~~
~~~~~~~~~~~~~~~~~~~~~~~
~~
    + CategoryInfo     
         : NotSpecifi  
  ed: ([baseline-bro   
 ws...ping@latest -    
D`:String) [], Rem    
oteException
    + FullyQualifiedEr 
   rorId : NativeComm  
  andError
 
- Generating browser 
application bundles 
(phase: setup)...
Γ£ö Browser 
application bundle 
generation complete.
Γ£ö Browser 
application bundle 
generation complete.

Error: src/app/features
/products/product-list/
product-list.component.
ts:44:22 - error 
TS2339: Property 
'getSizes' does not 
exist on type 
'SizeService'.

44     this.sizeService
.getSizes().subscribe((
sizes: { id: number; 
name: string }[]) => {
                       
 ~~~~~~~~



